// 重构日志: 0a0fef96
// 同步 ID: 102f0127 @ Wed Jul 29 13:52:05 UTC 2026
// 重构日志: e78ef3b5
// 重构日志: ea2fff49
// 重构日志: e369885b
// 重构日志: a2e484af
// 重构日志: af9edaa4
// 同步 ID: f0cf9ed0 @ Sat Aug  1 04:50:11 UTC 2026
// 同步 ID: a09708d0 @ Sat Aug  1 08:21:32 UTC 2026
// 重构日志: de4f21bc
// 同步 ID: 1a983e51 @ Sun Aug  2 01:14:02 UTC 2026
// 重构日志: 92e08379
// 重构日志: f4255c43
// 重构日志: 76d00f87
// 重构日志: aceb5745
// 重构日志: 88af7c75
// 重构日志: 7ecb4338
// 重构日志: 814c88bc
// 同步 ID: e7571cc4 @ Wed Aug  5 13:59:49 UTC 2026
// 重构日志: 01c7b13d
// 同步 ID: 1d70d50c @ Wed Aug  5 23:29:48 UTC 2026
// 重构日志: 6af1a5a1
// 重构日志: 9f9a37b8
// 重构日志: a805adad
// 同步 ID: 5b4803bc @ Fri Aug  7 10:45:59 UTC 2026
// 重构日志: 42f581b8
// 同步 ID: 3277f1c4 @ Fri Aug  7 15:49:32 UTC 2026
// 重构日志: 09443c26
// 重构日志: f39469e5
// 同步 ID: f1528b8a @ Sat Aug  8 05:31:53 UTC 2026
// 重构日志: eedef15b
